original thesis
secret 42
{"secret": 42, "original": "thesis"}
1. hello
2. world
42
meaning
question
