v1.1 tag "my_awesome_tag"
message hello world
hi 5
this value may not exist - $nonexistent
