v1.1 tag "my_awesome_tag"
#v1.0 tag "my_awesome_tag" (version clobbered in inner scope)
hello world
outer still v1.1
